============================= test session starts =============================
platform win32 -- Python 3.11.9, pytest-9.0.2, pluggy-1.6.0 -- C:\Users\Admin\Desktop\RFP-Responder\.venv\Scripts\python.exe
cachedir: .pytest_cache
rootdir: C:\Users\Admin\Desktop\RFP-Responder
plugins: anyio-4.12.1, langsmith-0.7.6
collecting ... collected 10 items

rfp_automation/tests/test_agents.py::TestNarrativeAssemblyAgent::test_narrative_assembly_success PASSED [ 10%]
rfp_automation/tests/test_agents.py::TestNarrativeAssemblyAgent::test_narrative_section_ordering PASSED [ 20%]
rfp_automation/tests/test_agents.py::TestNarrativeAssemblyAgent::test_narrative_split_section_reassembly PASSED [ 30%]
rfp_automation/tests/test_agents.py::TestNarrativeAssemblyAgent::test_narrative_part_split_reassembly PASSED [ 40%]
rfp_automation/tests/test_agents.py::TestNarrativeAssemblyAgent::test_narrative_coverage_appendix PASSED [ 50%]
rfp_automation/tests/test_agents.py::TestNarrativeAssemblyAgent::test_narrative_placeholder_detection PASSED [ 60%]
rfp_automation/tests/test_agents.py::TestNarrativeAssemblyAgent::test_narrative_no_placeholders PASSED [ 70%]
rfp_automation/tests/test_agents.py::TestNarrativeAssemblyAgent::test_narrative_empty_writing_result PASSED [ 80%]
rfp_automation/tests/test_agents.py::TestNarrativeAssemblyAgent::test_narrative_d1_retry_feedback PASSED [ 90%]
rfp_automation/tests/test_agents.py::TestNarrativeAssemblyAgent::test_narrative_no_rfp_id_raises PASSED [100%]

============================== warnings summary ===============================
rfp_automation/tests/test_agents.py::TestNarrativeAssemblyAgent::test_narrative_assembly_success
  C:\Users\Admin\Desktop\RFP-Responder\rfp_automation\api\__init__.py:68: DeprecationWarning: 
          on_event is deprecated, use lifespan event handlers instead.
  
          Read more about it in the
          [FastAPI docs for Lifespan Events](https://fastapi.tiangolo.com/advanced/events/).
          
    @application.on_event("startup")

rfp_automation/tests/test_agents.py::TestNarrativeAssemblyAgent::test_narrative_assembly_success
  C:\Users\Admin\Desktop\RFP-Responder\.venv\Lib\site-packages\fastapi\applications.py:4573: DeprecationWarning: 
          on_event is deprecated, use lifespan event handlers instead.
  
          Read more about it in the
          [FastAPI docs for Lifespan Events](https://fastapi.tiangolo.com/advanced/events/).
          
    return self.router.on_event(event_type)

-- Docs: https://docs.pytest.org/en/stable/how-to/capture-warnings.html
======================= 10 passed, 2 warnings in 3.02s ========================
